// Jest Snapshot v1, https://goo.gl/fbAQLP

exports[`fit home snapshot 1`] = `
<div
  className="home-section"
>
  <h2
    className="home-title"
  >
    Welcome to our page!
  </h2>
  <p
    className="textSection"
  >
    <p>
      Lorem ipsum odor amet, consectetuer adipiscing elit. Consequat senectus fusce dolor hendrerit, integer tortor. Dis ante nostra augue consectetur neque vestibulum dui. Semper ligula rhoncus malesuada condimentum malesuada quisque facilisi pulvinar commodo. Vitae imperdiet lobortis arcu dis, potenti senectus proin viverra lacus. Nisl himenaeos scelerisque neque commodo purus. Rutrum feugiat porttitor nibh phasellus ut elit placerat. Rhoncus habitasse montes at duis sollicitudin lectus purus mus lacinia. Hendrerit himenaeos faucibus semper adipiscing eu pharetra.
    </p>
    <p>
      Conubia mus bibendum dolor eu; orci porta. Montes natoque ultrices aenean consectetur mauris. Elit vivamus est faucibus aliquet mus phasellus. Ornare libero nisl ligula aliquam ornare orci mollis convallis iaculis. Penatibus taciti ridiculus dictum feugiat fermentum augue facilisi libero malesuada. Ante ultricies diam aliquet nec ad cursus ridiculus. Purus faucibus molestie lobortis, odio et potenti. Penatibus sit himenaeos porttitor nibh habitasse interdum?
    </p>
  </p>
</div>
`;

exports[`match home snapshot 1`] = `
<div
  className="home-section"
>
  <h2
    className="home-title"
  >
    Welcome to our page!
  </h2>
  <p
    className="textSection"
  >
    <p>
      Lorem ipsum odor amet, consectetuer adipiscing elit. Rutrum quis risus turpis proin hac dui? Pretium felis phasellus; erat tempor mauris orci. Felis nec convallis donec lobortis nascetur etiam parturient arcu est. Ultrices netus fermentum lacus in turpis. Fusce tempor tempor sodales habitant et eget. Elementum ipsum rutrum suscipit nibh montes ligula ullamcorper a aliquet. Duis vehicula velit sollicitudin neque litora leo aliquam. Molestie sapien laoreet ad odio dapibus fermentum dis. Nam nulla non cras fusce felis.
    </p>
    <p>
      Eleifend ex himenaeos natoque amet congue cubilia cursus elit aliquet. Pharetra aliquet montes viverra non bibendum. Lorem habitasse luctus; ridiculus erat lacus pretium. Porttitor pharetra viverra suscipit donec est placerat litora adipiscing urna. Elit tristique dictum nostra quisque torquent finibus natoque. Primis tempor habitant nam curae netus; taciti dictum morbi. Venenatis auctor turpis molestie placerat nibh inceptos. Consequat sociosqu faucibus in lobortis curae. Suscipit proin egestas nascetur sodales sagittis porttitor morbi. Vel class fames; donec sit aliquam sed.
    </p>
  </p>
</div>
`;
